---
source: crates/syntax/src/tests.rs
expression: actual
input_file: crates/syntax/snapshots/lexer/ok/assignment.lua

---
[
    Token {
        kind: LocalKw,
        len: 5,
    },
    Token {
        kind: Whitespace,
        len: 1,
    },
    Token {
        kind: Ident,
        len: 5,
    },
    Token {
        kind: Whitespace,
        len: 1,
    },
    Token {
        kind: Eq,
        len: 1,
    },
    Token {
        kind: Whitespace,
        len: 1,
    },
    Token {
        kind: Number,
        len: 1,
    },
    Token {
        kind: Whitespace,
        len: 1,
    },
]
