---
source: crates/syntax/src/tests.rs
expression: actual
input_file: crates/syntax/snapshots/lexer/ok/bracket_confusing.lua

---
[
    Token {
        kind: LocalKw,
        range: 0..5,
    },
    Token {
        kind: Whitespace,
        range: 5..6,
    },
    Token {
        kind: Ident,
        range: 6..11,
    },
    Token {
        kind: Whitespace,
        range: 11..12,
    },
    Token {
        kind: Eq,
        range: 12..13,
    },
    Token {
        kind: Whitespace,
        range: 13..14,
    },
    Token {
        kind: Str,
        range: 14..56,
    },
    Token {
        kind: Whitespace,
        range: 56..57,
    },
]
