---
source: crates/syntax/src/tests.rs
expression: actual
input_file: crates/syntax/snapshots/lexer/ok/bracket_with_escapes.lua

---
[
    Token {
        kind: LocalKw,
        len: 5,
    },
    Token {
        kind: Whitespace,
        len: 1,
    },
    Token {
        kind: Ident,
        len: 1,
    },
    Token {
        kind: Whitespace,
        len: 1,
    },
    Token {
        kind: Eq,
        len: 1,
    },
    Token {
        kind: Whitespace,
        len: 1,
    },
    Token {
        kind: Str,
        len: 52,
    },
    Token {
        kind: Whitespace,
        len: 1,
    },
    Token {
        kind: LocalKw,
        len: 5,
    },
    Token {
        kind: Whitespace,
        len: 1,
    },
    Token {
        kind: Ident,
        len: 1,
    },
    Token {
        kind: Whitespace,
        len: 1,
    },
    Token {
        kind: Eq,
        len: 1,
    },
    Token {
        kind: Whitespace,
        len: 1,
    },
    Token {
        kind: Str,
        len: 25,
    },
    Token {
        kind: Whitespace,
        len: 1,
    },
]
