---
source: crates/syntax/src/tests.rs
expression: actual
input_file: crates/syntax/snapshots/lexer/ok/delimiters.lua

---
[
    Token {
        kind: LBrace,
        len: 1,
    },
    Token {
        kind: Ident,
        len: 5,
    },
    Token {
        kind: Whitespace,
        len: 1,
    },
    Token {
        kind: Eq,
        len: 1,
    },
    Token {
        kind: Whitespace,
        len: 1,
    },
    Token {
        kind: Str,
        len: 9,
    },
    Token {
        kind: RBrace,
        len: 1,
    },
    Token {
        kind: Whitespace,
        len: 1,
    },
    Token {
        kind: Ident,
        len: 4,
    },
    Token {
        kind: LParen,
        len: 1,
    },
    Token {
        kind: RParen,
        len: 1,
    },
    Token {
        kind: Whitespace,
        len: 1,
    },
    Token {
        kind: LBracket,
        len: 1,
    },
    Token {
        kind: RBracket,
        len: 1,
    },
    Token {
        kind: LBracket,
        len: 1,
    },
    Token {
        kind: RBracket,
        len: 1,
    },
    Token {
        kind: Whitespace,
        len: 1,
    },
]
