---
source: crates/syntax/src/tests.rs
expression: actual
input_file: crates/syntax/snapshots/lexer/ok/double_colon.lua

---
[
    Token {
        kind: DoubleColon,
        len: 2,
    },
    Token {
        kind: Ident,
        len: 8,
    },
    Token {
        kind: DoubleColon,
        len: 2,
    },
    Token {
        kind: Whitespace,
        len: 1,
    },
    Token {
        kind: DoubleColon,
        len: 2,
    },
    Token {
        kind: Ident,
        len: 3,
    },
    Token {
        kind: DoubleColon,
        len: 2,
    },
    Token {
        kind: Whitespace,
        len: 1,
    },
]
