---
source: crates/syntax/src/tests.rs
expression: actual
input_file: crates/syntax/snapshots/lexer/ok/math.lua

---
[
    Token {
        kind: Number,
        len: 1,
    },
    Token {
        kind: Whitespace,
        len: 1,
    },
    Token {
        kind: Plus,
        len: 1,
    },
    Token {
        kind: Whitespace,
        len: 1,
    },
    Token {
        kind: Number,
        len: 1,
    },
    Token {
        kind: Whitespace,
        len: 1,
    },
    Token {
        kind: Number,
        len: 2,
    },
    Token {
        kind: Whitespace,
        len: 1,
    },
    Token {
        kind: Asterisk,
        len: 1,
    },
    Token {
        kind: Whitespace,
        len: 1,
    },
    Token {
        kind: Number,
        len: 1,
    },
    Token {
        kind: Whitespace,
        len: 1,
    },
    Token {
        kind: Number,
        len: 2,
    },
    Token {
        kind: Whitespace,
        len: 1,
    },
    Token {
        kind: Minus,
        len: 1,
    },
    Token {
        kind: Whitespace,
        len: 1,
    },
    Token {
        kind: Number,
        len: 2,
    },
    Token {
        kind: Whitespace,
        len: 1,
    },
    Token {
        kind: Number,
        len: 1,
    },
    Token {
        kind: Slash,
        len: 1,
    },
    Token {
        kind: Number,
        len: 1,
    },
    Token {
        kind: Whitespace,
        len: 1,
    },
    Token {
        kind: Number,
        len: 1,
    },
    Token {
        kind: Whitespace,
        len: 1,
    },
    Token {
        kind: Modulo,
        len: 1,
    },
    Token {
        kind: Whitespace,
        len: 1,
    },
    Token {
        kind: Number,
        len: 1,
    },
    Token {
        kind: Whitespace,
        len: 1,
    },
    Token {
        kind: Number,
        len: 1,
    },
    Token {
        kind: Caret,
        len: 1,
    },
    Token {
        kind: Number,
        len: 1,
    },
    Token {
        kind: Whitespace,
        len: 1,
    },
]
