---
source: crates/syntax/src/tests.rs
expression: actual
input_file: crates/syntax/snapshots/lexer/ok/multiline_strings.lua

---
[
    Token {
        kind: Str,
        len: 33,
    },
    Token {
        kind: Whitespace,
        len: 1,
    },
    Token {
        kind: Str,
        len: 25,
    },
    Token {
        kind: Whitespace,
        len: 1,
    },
    Token {
        kind: Str,
        len: 11,
    },
    Token {
        kind: Whitespace,
        len: 1,
    },
]
