---
source: crates/syntax/src/tests.rs
expression: actual
input_file: crates/syntax/snapshots/lexer/ok/multiline_equals.lua

---
[
    Token {
        kind: Str,
        len: 15,
    },
    Token {
        kind: Whitespace,
        len: 1,
    },
    Token {
        kind: Str,
        len: 10,
    },
    Token {
        kind: Whitespace,
        len: 1,
    },
]
