---
source: crates/syntax/src/tests.rs
expression: actual
input_file: crates/syntax/snapshots/lexer/ok/numbers.lua

---
[
    Token {
        kind: Whitespace,
        len: 13,
    },
    Token {
        kind: Number,
        len: 1,
    },
    Token {
        kind: Whitespace,
        len: 1,
    },
    Token {
        kind: Number,
        len: 3,
    },
    Token {
        kind: Whitespace,
        len: 3,
    },
    Token {
        kind: Number,
        len: 6,
    },
    Token {
        kind: Whitespace,
        len: 4,
    },
    Token {
        kind: Number,
        len: 9,
    },
    Token {
        kind: Whitespace,
        len: 7,
    },
    Token {
        kind: Number,
        len: 8,
    },
    Token {
        kind: Whitespace,
        len: 2,
    },
    Token {
        kind: Number,
        len: 4,
    },
    Token {
        kind: Whitespace,
        len: 1,
    },
]
