---
source: crates/syntax/src/tests.rs
expression: actual
input_file: crates/syntax/snapshots/lexer/ok/operators.lua

---
[
    Token {
        kind: Bang,
        len: 1,
    },
    Token {
        kind: Number,
        len: 2,
    },
    Token {
        kind: Whitespace,
        len: 1,
    },
    Token {
        kind: Bang,
        len: 1,
    },
    Token {
        kind: TrueKw,
        len: 4,
    },
    Token {
        kind: Whitespace,
        len: 1,
    },
]
