---
source: crates/syntax/src/tests.rs
expression: actual
input_file: crates/syntax/snapshots/lexer/ok/operators.lua

---
[
    Token {
        kind: Bang,
        range: 0..1,
    },
    Token {
        kind: Number,
        range: 1..3,
    },
    Token {
        kind: Whitespace,
        range: 3..4,
    },
    Token {
        kind: Bang,
        range: 4..5,
    },
    Token {
        kind: TrueKw,
        range: 5..9,
    },
    Token {
        kind: Whitespace,
        range: 9..10,
    },
]
