---
source: crates/syntax/src/tests.rs
expression: actual
input_file: crates/syntax/snapshots/lexer/ok/punct.lua

---
[
    Token {
        kind: Comma,
        len: 1,
    },
    Token {
        kind: Dot,
        len: 1,
    },
    Token {
        kind: Ident,
        len: 3,
    },
    Token {
        kind: Semicolon,
        len: 1,
    },
    Token {
        kind: Colon,
        len: 1,
    },
    Token {
        kind: Bang,
        len: 1,
    },
    Token {
        kind: Semicolon,
        len: 1,
    },
    Token {
        kind: Whitespace,
        len: 1,
    },
]
