---
source: crates/syntax/src/tests.rs
expression: actual
input_file: crates/syntax/snapshots/lexer/ok/strings.lua

---
[
    Token {
        kind: Str,
        range: 0..6,
    },
    Token {
        kind: Whitespace,
        range: 6..7,
    },
    Token {
        kind: Str,
        range: 7..25,
    },
    Token {
        kind: Whitespace,
        range: 25..27,
    },
    Token {
        kind: Str,
        range: 27..45,
    },
    Token {
        kind: Whitespace,
        range: 45..46,
    },
]
