---
source: crates/syntax/src/tests.rs
expression: actual
input_file: crates/syntax/snapshots/lexer/ok/vararg.lua

---
[
    Token {
        kind: FunctionKw,
        range: 0..8,
    },
    Token {
        kind: LParen,
        range: 8..9,
    },
    Token {
        kind: TripleDot,
        range: 9..12,
    },
    Token {
        kind: RParen,
        range: 12..13,
    },
    Token {
        kind: Whitespace,
        range: 13..14,
    },
    Token {
        kind: Ident,
        range: 14..19,
    },
    Token {
        kind: LParen,
        range: 19..20,
    },
    Token {
        kind: TripleDot,
        range: 20..23,
    },
    Token {
        kind: RParen,
        range: 23..24,
    },
    Token {
        kind: Whitespace,
        range: 24..25,
    },
    Token {
        kind: EndKw,
        range: 25..28,
    },
    Token {
        kind: Whitespace,
        range: 28..29,
    },
]
