---
source: crates/syntax/src/tests.rs
expression: actual
input_file: crates/syntax/snapshots/lexer/ok/vararg.lua

---
[
    Token {
        kind: FunctionKw,
        len: 8,
    },
    Token {
        kind: LParen,
        len: 1,
    },
    Token {
        kind: TripleDot,
        len: 3,
    },
    Token {
        kind: RParen,
        len: 1,
    },
    Token {
        kind: Whitespace,
        len: 1,
    },
    Token {
        kind: Ident,
        len: 5,
    },
    Token {
        kind: LParen,
        len: 1,
    },
    Token {
        kind: TripleDot,
        len: 3,
    },
    Token {
        kind: RParen,
        len: 1,
    },
    Token {
        kind: Whitespace,
        len: 1,
    },
    Token {
        kind: EndKw,
        len: 3,
    },
    Token {
        kind: Whitespace,
        len: 1,
    },
]
