---
source: crates/syntax/src/tests.rs
expression: actual
input_file: crates/syntax/snapshots/lexer/err/multiline_strings.lua

---
[
    Token {
        kind: LocalKw,
        len: 5,
    },
    Token {
        kind: Whitespace,
        len: 1,
    },
    Token {
        kind: Ident,
        len: 1,
    },
    Token {
        kind: Whitespace,
        len: 1,
    },
    Token {
        kind: Eq,
        len: 1,
    },
    Token {
        kind: Whitespace,
        len: 1,
    },
    Token {
        kind: Str,
        len: 36,
    },
]

[
    SyntaxError(
        "Could not find bracket string close",
        10..46,
    ),
]
