---
source: crates/syntax/src/tests.rs
expression: actual
input_file: crates/syntax/snapshots/lexer/err/multiline_strings.lua

---
[
    Token {
        kind: LocalKw,
        range: 0..5,
    },
    Token {
        kind: Whitespace,
        range: 5..6,
    },
    Token {
        kind: Ident,
        range: 6..7,
    },
    Token {
        kind: Whitespace,
        range: 7..8,
    },
    Token {
        kind: Eq,
        range: 8..9,
    },
    Token {
        kind: Whitespace,
        range: 9..10,
    },
    Token {
        kind: Str,
        range: 10..46,
    },
]

[
    SyntaxError(
        "Could not find bracket string close",
        10..46,
    ),
]
