---
source: crates/syntax/src/lib.rs
expression: "dump_parse_no_errors(Program::parse(&input))"

---
Program@0..88
  Stmt@0..88
    FunctionDefStmt@0..88
      LocalKw@0..5 "local"
      Whitespace@5..6 " "
      FunctionKw@6..14 "function"
      Whitespace@14..15 " "
      Name@15..20
        Ident@15..20 "empty"
      Paramlist@20..22
        LParen@20..21 "("
        RParen@21..22 ")"
      Whitespace@22..25 "\n  "
      Body@25..84
        Stmt@25..40
          AssignStmt@25..40
            LocalKw@25..30 "local"
            Whitespace@30..31 " "
            Name@31..36
              Ident@31..36 "hello"
            Whitespace@36..37 " "
            Eq@37..38 "="
            Whitespace@38..39 " "
            Literal@39..40
              Number@39..40 "5"
        Whitespace@40..43 "\n  "
        Stmt@43..70
          AssignStmt@43..70
            LocalKw@43..48 "local"
            Whitespace@48..49 " "
            Name@49..56
              Ident@49..56 "another"
            Whitespace@56..57 " "
            Eq@57..58 "="
            Whitespace@58..60 "  "
            InfixExpr@60..70
              NameRef@60..65
                Ident@60..65 "hello"
              Whitespace@65..66 " "
              Asterisk@66..67 "*"
              Whitespace@67..68 " "
              Literal@68..70
                Number@68..70 "10"
        Whitespace@70..73 "\n  "
        Stmt@73..84
          ReturnStmt@73..84
            ReturnKw@73..79 "return"
            Whitespace@79..80 " "
            Literal@80..84
              Number@80..84 "1324"
      Whitespace@84..85 "\n"
      EndKw@85..88 "end"

