---
source: crates/syntax/src/tests.rs
expression: actual
input_file: crates/syntax/snapshots/parser/ok/array_table_expr.lua

---
SourceFile@0..67
  LocalAssignStmt@0..66
    LocalKw@0..5 "local"
    Whitespace@5..6 " "
    MultiName@6..11
      Name@6..11
        Ident@6..11 "array"
    Whitespace@11..12 " "
    Eq@12..13 "="
    Whitespace@13..14 " "
    MultivalExpr@14..66
      TableExpr@14..66
        LBrace@14..15 "{"
        Whitespace@15..18 "\n  "
        TableContent@18..25
          PositionalValue@18..25
            Literal@18..25
              Str@18..25 "\"first\""
        TableSep@25..26
          Comma@25..26 ","
        Whitespace@26..29 "\n  "
        TableContent@29..32
          PositionalValue@29..32
            Literal@29..32
              Number@29..32 "324"
        TableSep@32..33
          Comma@32..33 ","
        Whitespace@33..36 "\n  "
        TableContent@36..50
          PositionalValue@36..50
            FunctionExpr@36..50
              FunctionKw@36..44 "function"
              ParamList@44..46
                LParen@44..45 "("
                RParen@45..46 ")"
              Whitespace@46..47 " "
              Block@47..47
              EndKw@47..50 "end"
        TableSep@50..51
          Comma@50..51 ","
        Whitespace@51..54 "\n  "
        TableContent@54..63
          PositionalValue@54..63
            Literal@54..63
              Str@54..63 "\"another\""
        TableSep@63..64
          Comma@63..64 ","
        Whitespace@64..65 "\n"
        RBrace@65..66 "}"
  Whitespace@66..67 "\n"

=============================
Errors:
=============================
[]
