---
source: crates/syntax/src/tests.rs
expression: actual
input_file: crates/syntax/snapshots/parser/ok/assign.lua

---
Program@0..138
  Whitespace@0..47 "                      ..."
  Comment@47..78 "-- just a comment at  ..."
  Comment@78..97 "-- local hello = 5\n"
  Comment@97..120 "-- local another = (5)\n"
  LocalAssignStmt@120..137
    LocalKw@120..125 "local"
    Whitespace@125..126 " "
    MultiName@126..127
      Name@126..127
        Ident@126..127 "s"
    Whitespace@127..128 " "
    Eq@128..129 "="
    Whitespace@129..130 " "
    MultivalExpr@130..137
      Literal@130..137
        Str@130..137 "\"a str\""
  Whitespace@137..138 "\n"

=============================
Errors:
=============================
[]
