---
source: crates/parser/src/lexer.rs
expression: tokens

---
[
    Ok(
        (
            Token {
                kind: Whitespace,
                range: 0..1,
            },
            "\n",
        ),
    ),
    Ok(
        (
            Token {
                kind: Number,
                range: 1..2,
            },
            "5",
        ),
    ),
    Ok(
        (
            Token {
                kind: Whitespace,
                range: 2..3,
            },
            " ",
        ),
    ),
    Ok(
        (
            Token {
                kind: Plus,
                range: 3..4,
            },
            "+",
        ),
    ),
    Ok(
        (
            Token {
                kind: Whitespace,
                range: 4..5,
            },
            " ",
        ),
    ),
    Ok(
        (
            Token {
                kind: Number,
                range: 5..6,
            },
            "1",
        ),
    ),
    Ok(
        (
            Token {
                kind: Whitespace,
                range: 6..7,
            },
            "\n",
        ),
    ),
    Ok(
        (
            Token {
                kind: Number,
                range: 7..9,
            },
            "12",
        ),
    ),
    Ok(
        (
            Token {
                kind: Whitespace,
                range: 9..10,
            },
            " ",
        ),
    ),
    Ok(
        (
            Token {
                kind: Asterisk,
                range: 10..11,
            },
            "*",
        ),
    ),
    Ok(
        (
            Token {
                kind: Whitespace,
                range: 11..12,
            },
            " ",
        ),
    ),
    Ok(
        (
            Token {
                kind: Number,
                range: 12..13,
            },
            "3",
        ),
    ),
    Ok(
        (
            Token {
                kind: Whitespace,
                range: 13..14,
            },
            "\n",
        ),
    ),
    Ok(
        (
            Token {
                kind: Number,
                range: 14..16,
            },
            "34",
        ),
    ),
    Ok(
        (
            Token {
                kind: Whitespace,
                range: 16..17,
            },
            " ",
        ),
    ),
    Ok(
        (
            Token {
                kind: Minus,
                range: 17..18,
            },
            "-",
        ),
    ),
    Ok(
        (
            Token {
                kind: Whitespace,
                range: 18..19,
            },
            " ",
        ),
    ),
    Ok(
        (
            Token {
                kind: Number,
                range: 19..21,
            },
            "23",
        ),
    ),
    Ok(
        (
            Token {
                kind: Whitespace,
                range: 21..22,
            },
            "\n",
        ),
    ),
    Ok(
        (
            Token {
                kind: Number,
                range: 22..23,
            },
            "2",
        ),
    ),
    Ok(
        (
            Token {
                kind: Slash,
                range: 23..24,
            },
            "/",
        ),
    ),
    Ok(
        (
            Token {
                kind: Number,
                range: 24..25,
            },
            "1",
        ),
    ),
    Ok(
        (
            Token {
                kind: Whitespace,
                range: 25..40,
            },
            "\n              ",
        ),
    ),
]
