---
source: crates/parser/src/lexer.rs
expression: tokens

---
[
    Ok(
        (
            Token {
                kind: Whitespace,
                range: 0..1,
            },
            "\n",
        ),
    ),
    Ok(
        (
            Token {
                kind: Str,
                range: 1..40,
            },
            "[=====[\nbracketd string134 asd\n\n]=====]",
        ),
    ),
    Ok(
        (
            Token {
                kind: Whitespace,
                range: 40..53,
            },
            "\n            ",
        ),
    ),
]
