---
source: crates/parser/src/lexer.rs
expression: tokens

---
[
    Ok(
        (
            Token {
                kind: Ident,
                range: 0..5,
            },
            "hello",
        ),
    ),
    Ok(
        (
            Token {
                kind: Whitespace,
                range: 5..9,
            },
            "\n   ",
        ),
    ),
    Ok(
        (
            Token {
                kind: Ident,
                range: 9..14,
            },
            "world",
        ),
    ),
    Ok(
        (
            Token {
                kind: Whitespace,
                range: 14..15,
            },
            " ",
        ),
    ),
    Ok(
        (
            Token {
                kind: Ident,
                range: 15..18,
            },
            "yes",
        ),
    ),
    Ok(
        (
            Token {
                kind: Whitespace,
                range: 18..33,
            },
            "\n              ",
        ),
    ),
]
