---
source: crates/parser/src/lexer.rs
expression: tokens

---
[
    Ok(
        (
            Token {
                kind: Str,
                range: 0..15,
            },
            "[=====[s]=====]",
        ),
    ),
    Ok(
        (
            Token {
                kind: Whitespace,
                range: 15..16,
            },
            " ",
        ),
    ),
    Ok(
        (
            Token {
                kind: Str,
                range: 16..26,
            },
            "[==[an]==]",
        ),
    ),
]
