---
source: crates/parser/src/lexer.rs
expression: tokens

---
[
    Ok(
        (
            Token {
                kind: Whitespace,
                range: 0..1,
            },
            "\n",
        ),
    ),
    Ok(
        (
            Token {
                kind: Str,
                range: 1..34,
            },
            "[[\nbracketd string134 asd\nasdf\n]]",
        ),
    ),
    Ok(
        (
            Token {
                kind: Whitespace,
                range: 34..47,
            },
            "\n            ",
        ),
    ),
]
